Archive member included to satisfy reference by file (symbol)

/opt/st/stm32cubeide_1.7.0/plugins/com.st.stm32cube.ide.mcu.externaltools.gnu-tools-for-stm32.9-2020-q2-update.linux64_2.0.0.202105311346/tools/bin/../lib/gcc/arm-none-eabi/9.3.1/../../../../arm-none-eabi/lib/thumb/v7e-m+fp/hard/libc_nano.a(lib_a-errno.o)
                              ./Core/Src/syscalls.o (__errno)
/opt/st/stm32cubeide_1.7.0/plugins/com.st.stm32cube.ide.mcu.externaltools.gnu-tools-for-stm32.9-2020-q2-update.linux64_2.0.0.202105311346/tools/bin/../lib/gcc/arm-none-eabi/9.3.1/../../../../arm-none-eabi/lib/thumb/v7e-m+fp/hard/libc_nano.a(lib_a-exit.o)
                              /opt/st/stm32cubeide_1.7.0/plugins/com.st.stm32cube.ide.mcu.externaltools.gnu-tools-for-stm32.9-2020-q2-update.linux64_2.0.0.202105311346/tools/bin/../lib/gcc/arm-none-eabi/9.3.1/../../../../arm-none-eabi/lib/thumb/v7e-m+fp/hard/crt0.o (exit)
/opt/st/stm32cubeide_1.7.0/plugins/com.st.stm32cube.ide.mcu.externaltools.gnu-tools-for-stm32.9-2020-q2-update.linux64_2.0.0.202105311346/tools/bin/../lib/gcc/arm-none-eabi/9.3.1/../../../../arm-none-eabi/lib/thumb/v7e-m+fp/hard/libc_nano.a(lib_a-impure.o)
                              /opt/st/stm32cubeide_1.7.0/plugins/com.st.stm32cube.ide.mcu.externaltools.gnu-tools-for-stm32.9-2020-q2-update.linux64_2.0.0.202105311346/tools/bin/../lib/gcc/arm-none-eabi/9.3.1/../../../../arm-none-eabi/lib/thumb/v7e-m+fp/hard/libc_nano.a(lib_a-exit.o) (_global_impure_ptr)
/opt/st/stm32cubeide_1.7.0/plugins/com.st.stm32cube.ide.mcu.externaltools.gnu-tools-for-stm32.9-2020-q2-update.linux64_2.0.0.202105311346/tools/bin/../lib/gcc/arm-none-eabi/9.3.1/../../../../arm-none-eabi/lib/thumb/v7e-m+fp/hard/libc_nano.a(lib_a-init.o)
                              /opt/st/stm32cubeide_1.7.0/plugins/com.st.stm32cube.ide.mcu.externaltools.gnu-tools-for-stm32.9-2020-q2-update.linux64_2.0.0.202105311346/tools/bin/../lib/gcc/arm-none-eabi/9.3.1/../../../../arm-none-eabi/lib/thumb/v7e-m+fp/hard/crt0.o (__libc_init_array)
/opt/st/stm32cubeide_1.7.0/plugins/com.st.stm32cube.ide.mcu.externaltools.gnu-tools-for-stm32.9-2020-q2-update.linux64_2.0.0.202105311346/tools/bin/../lib/gcc/arm-none-eabi/9.3.1/../../../../arm-none-eabi/lib/thumb/v7e-m+fp/hard/libc_nano.a(lib_a-memset.o)
                              /opt/st/stm32cubeide_1.7.0/plugins/com.st.stm32cube.ide.mcu.externaltools.gnu-tools-for-stm32.9-2020-q2-update.linux64_2.0.0.202105311346/tools/bin/../lib/gcc/arm-none-eabi/9.3.1/../../../../arm-none-eabi/lib/thumb/v7e-m+fp/hard/crt0.o (memset)
/opt/st/stm32cubeide_1.7.0/plugins/com.st.stm32cube.ide.mcu.externaltools.gnu-tools-for-stm32.9-2020-q2-update.linux64_2.0.0.202105311346/tools/bin/../lib/gcc/arm-none-eabi/9.3.1/thumb/v7e-m+fp/hard/libgcc.a(_arm_muldf3.o)
                              ./Transport/Msg_gen/Main_msg_gen/main_msg_gen.o (__aeabi_dmul)
/opt/st/stm32cubeide_1.7.0/plugins/com.st.stm32cube.ide.mcu.externaltools.gnu-tools-for-stm32.9-2020-q2-update.linux64_2.0.0.202105311346/tools/bin/../lib/gcc/arm-none-eabi/9.3.1/thumb/v7e-m+fp/hard/libgcc.a(_arm_fixunsdfsi.o)
                              ./Transport/Msg_gen/Main_msg_gen/main_msg_gen.o (__aeabi_d2uiz)
/opt/st/stm32cubeide_1.7.0/plugins/com.st.stm32cube.ide.mcu.externaltools.gnu-tools-for-stm32.9-2020-q2-update.linux64_2.0.0.202105311346/tools/bin/../lib/gcc/arm-none-eabi/9.3.1/thumb/v7e-m+fp/hard/libgcc.a(_aeabi_uldivmod.o)
                              ./Drivers/STM32F4xx_HAL_Driver/Src/stm32f4xx_hal_rcc.o (__aeabi_uldivmod)
/opt/st/stm32cubeide_1.7.0/plugins/com.st.stm32cube.ide.mcu.externaltools.gnu-tools-for-stm32.9-2020-q2-update.linux64_2.0.0.202105311346/tools/bin/../lib/gcc/arm-none-eabi/9.3.1/thumb/v7e-m+fp/hard/libgcc.a(_udivmoddi4.o)
                              /opt/st/stm32cubeide_1.7.0/plugins/com.st.stm32cube.ide.mcu.externaltools.gnu-tools-for-stm32.9-2020-q2-update.linux64_2.0.0.202105311346/tools/bin/../lib/gcc/arm-none-eabi/9.3.1/thumb/v7e-m+fp/hard/libgcc.a(_aeabi_uldivmod.o) (__udivmoddi4)
/opt/st/stm32cubeide_1.7.0/plugins/com.st.stm32cube.ide.mcu.externaltools.gnu-tools-for-stm32.9-2020-q2-update.linux64_2.0.0.202105311346/tools/bin/../lib/gcc/arm-none-eabi/9.3.1/thumb/v7e-m+fp/hard/libgcc.a(_dvmd_tls.o)
                              /opt/st/stm32cubeide_1.7.0/plugins/com.st.stm32cube.ide.mcu.externaltools.gnu-tools-for-stm32.9-2020-q2-update.linux64_2.0.0.202105311346/tools/bin/../lib/gcc/arm-none-eabi/9.3.1/thumb/v7e-m+fp/hard/libgcc.a(_aeabi_uldivmod.o) (__aeabi_ldiv0)

Allocating common symbols
Common symbol       size              file

prevFrq             0x4               ./Core/Src/main.o
htim4               0x48              ./Core/Src/main.o
is_first_captured_heater
                    0x4               ./Core/Src/main.o
uwTick              0x4               ./Drivers/STM32F4xx_HAL_Driver/Src/stm32f4xx_hal.o
pFlash              0x20              ./Drivers/STM32F4xx_HAL_Driver/Src/stm32f4xx_hal_flash.o
[...]
Memory Configuration

Name             Origin             Length             Attributes
RAM              0x0000000020000000 0x0000000000020000 xrw
FLASH            0x0000000008000000 0x0000000000080000 xr
*default*        0x0000000000000000 0xffffffffffffffff

Linker script and memory map

LOAD /opt/st/stm32cubeide_1.7.0/plugins/com.st.stm32cube.ide.mcu.externaltools.gnu-tools-for-stm32.9-2020-q2-update.linux64_2.0.0.202105311346/tools/bin/../lib/gcc/arm-none-eabi/9.3.1/thumb/v7e-m+fp/hard/crti.o
LOAD /opt/st/stm32cubeide_1.7.0/plugins/com.st.stm32cube.ide.mcu.externaltools.gnu-tools-for-stm32.9-2020-q2-update.linux64_2.0.0.202105311346/tools/bin/../lib/gcc/arm-none-eabi/9.3.1/thumb/v7e-m+fp/hard/crtbegin.o
LOAD /opt/st/stm32cubeide_1.7.0/plugins/com.st.stm32cube.ide.mcu.externaltools.gnu-tools-for-stm32.9-2020-q2-update.linux64_2.0.0.202105311346/tools/bin/../lib/gcc/arm-none-eabi/9.3.1/../../../../arm-none-eabi/lib/thumb/v7e-m+fp/hard/crt0.o
LOAD ./Core/Src/main.o
LOAD ./Core/Src/stm32f4xx_hal_msp.o
LOAD ./Core/Src/stm32f4xx_it.o
LOAD ./Core/Src/syscalls.o
LOAD ./Core/Src/sysmem.o
LOAD ./Core/Src/system_stm32f4xx.o
LOAD ./Core/Startup/startup_stm32f446retx.o
LOAD ./Drivers/STM32F4xx_HAL_Driver/Src/stm32f4xx_hal.o
LOAD ./Drivers/STM32F4xx_HAL_Driver/Src/stm32f4xx_hal_cortex.o
LOAD ./Drivers/STM32F4xx_HAL_Driver/Src/stm32f4xx_hal_dma.o
LOAD ./Drivers/STM32F4xx_HAL_Driver/Src/stm32f4xx_hal_dma_ex.o
LOAD ./Drivers/STM32F4xx_HAL_Driver/Src/stm32f4xx_hal_exti.o
LOAD ./Drivers/STM32F4xx_HAL_Driver/Src/stm32f4xx_hal_flash.o
LOAD ./Drivers/STM32F4xx_HAL_Driver/Src/stm32f4xx_hal_flash_ex.o
LOAD ./Drivers/STM32F4xx_HAL_Driver/Src/stm32f4xx_hal_flash_ramfunc.o
LOAD ./Drivers/STM32F4xx_HAL_Driver/Src/stm32f4xx_hal_gpio.o
LOAD ./Drivers/STM32F4xx_HAL_Driver/Src/stm32f4xx_hal_pwr.o
LOAD ./Drivers/STM32F4xx_HAL_Driver/Src/stm32f4xx_hal_pwr_ex.o
LOAD ./Drivers/STM32F4xx_HAL_Driver/Src/stm32f4xx_hal_rcc.o
LOAD ./Drivers/STM32F4xx_HAL_Driver/Src/stm32f4xx_hal_rcc_ex.o
LOAD ./Drivers/STM32F4xx_HAL_Driver/Src/stm32f4xx_hal_tim.o
LOAD ./Drivers/STM32F4xx_HAL_Driver/Src/stm32f4xx_hal_tim_ex.o
LOAD ./Drivers/STM32F4xx_HAL_Driver/Src/stm32f4xx_hal_uart.o
LOAD ./Lib/Src/cooling_fan.o
LOAD ./Lib/Src/heater_fan.o
LOAD ./Transport/Msg_gen/Error_msg_gen/error_msg_gen.o
LOAD ./Transport/Msg_gen/Main_msg_gen/main_msg_gen.o
LOAD ./Transport/Msg_gen/Sec_msg_gen/sec_msg_gen.o
LOAD ./Transport/Parser/Cmd_msg_parser/cmd_msg_parser.o
LOAD ./Transport/Parser/parser.o
START GROUP
LOAD /opt/st/stm32cubeide_1.7.0/plugins/com.st.stm32cube.ide.mcu.externaltools.gnu-tools-for-stm32.9-2020-q2-update.linux64_2.0.0.202105311346/tools/bin/../lib/gcc/arm-none-eabi/9.3.1/../../../../arm-none-eabi/lib/thumb/v7e-m+fp/hard/libc_nano.a
LOAD /opt/st/stm32cubeide_1.7.0/plugins/com.st.stm32cube.ide.mcu.externaltools.gnu-tools-for-stm32.9-2020-q2-update.linux64_2.0.0.202105311346/tools/bin/../lib/gcc/arm-none-eabi/9.3.1/../../../../arm-none-eabi/lib/thumb/v7e-m+fp/hard/libm.a
END GROUP
START GROUP
LOAD /opt/st/stm32cubeide_1.7.0/plugins/com.st.stm32cube.ide.mcu.externaltools.gnu-tools-for-stm32.9-2020-q2-update.linux64_2.0.0.202105311346/tools/bin/../lib/gcc/arm-none-eabi/9.3.1/thumb/v7e-m+fp/hard/libgcc.a
LOAD /opt/st/stm32cubeide_1.7.0/plugins/com.st.stm32cube.ide.mcu.externaltools.gnu-tools-for-stm32.9-2020-q2-update.linux64_2.0.0.202105311346/tools/bin/../lib/gcc/arm-none-eabi/9.3.1/../../../../arm-none-eabi/lib/thumb/v7e-m+fp/hard/libc_nano.a
END GROUP
START GROUP
LOAD /opt/st/stm32cubeide_1.7.0/plugins/com.st.stm32cube.ide.mcu.externaltools.gnu-tools-for-stm32.9-2020-q2-update.linux64_2.0.0.202105311346/tools/bin/../lib/gcc/arm-none-eabi/9.3.1/thumb/v7e-m+fp/hard/libgcc.a
LOAD /opt/st/stm32cubeide_1.7.0/plugins/com.st.stm32cube.ide.mcu.externaltools.gnu-tools-for-stm32.9-2020-q2-update.linux64_2.0.0.202105311346/tools/bin/../lib/gcc/arm-none-eabi/9.3.1/../../../../arm-none-eabi/lib/thumb/v7e-m+fp/hard/libc_nano.a
LOAD /opt/st/stm32cubeide_1.7.0/plugins/com.st.stm32cube.ide.mcu.externaltools.gnu-tools-for-stm32.9-2020-q2-update.linux64_2.0.0.202105311346/tools/bin/../lib/gcc/arm-none-eabi/9.3.1/../../../../arm-none-eabi/lib/thumb/v7e-m+fp/hard/libnosys.a
END GROUP
START GROUP
LOAD /opt/st/stm32cubeide_1.7.0/plugins/com.st.stm32cube.ide.mcu.externaltools.gnu-tools-for-stm32.9-2020-q2-update.linux64_2.0.0.202105311346/tools/bin/../lib/gcc/arm-none-eabi/9.3.1/thumb/v7e-m+fp/hard/libgcc.a
LOAD /opt/st/stm32cubeide_1.7.0/plugins/com.st.stm32cube.ide.mcu.externaltools.gnu-tools-for-stm32.9-2020-q2-update.linux64_2.0.0.202105311346/tools/bin/../lib/gcc/arm-none-eabi/9.3.1/../../../../arm-none-eabi/lib/thumb/v7e-m+fp/hard/libc_nano.a
LOAD /opt/st/stm32cubeide_1.7.0/plugins/com.st.stm32cube.ide.mcu.externaltools.gnu-tools-for-stm32.9-2020-q2-update.linux64_2.0.0.202105311346/tools/bin/../lib/gcc/arm-none-eabi/9.3.1/../../../../arm-none-eabi/lib/thumb/v7e-m+fp/hard/libnosys.a
END GROUP
LOAD /opt/st/stm32cubeide_1.7.0/plugins/com.st.stm32cube.ide.mcu.externaltools.gnu-tools-for-stm32.9-2020-q2-update.linux64_2.0.0.202105311346/tools/bin/../lib/gcc/arm-none-eabi/9.3.1/thumb/v7e-m+fp/hard/crtend.o
LOAD /opt/st/stm32cubeide_1.7.0/plugins/com.st.stm32cube.ide.mcu.externaltools.gnu-tools-for-stm32.9-2020-q2-update.linux64_2.0.0.202105311346/tools/bin/../lib/gcc/arm-none-eabi/9.3.1/thumb/v7e-m+fp/hard/crtn.o
                0x0000000020020000                _estack = (ORIGIN (RAM) + LENGTH (RAM))
                0x0000000000000200                _Min_Heap_Size = 0x200
                0x0000000000000400                _Min_Stack_Size = 0x400

.isr_vector     0x0000000008000000      0x1c4
                0x0000000008000000                . = ALIGN (0x4)
 *(.isr_vector)
 .isr_vector    0x0000000008000000      0x1c4 ./Core/Startup/startup_stm32f446retx.o
                0x0000000008000000                g_pfnVectors
                0x00000000080001c4                . = ALIGN (0x4)

.text           0x00000000080001c4     0x4c5c
                0x00000000080001c4                . = ALIGN (0x4)
 *(.text)
 .text          0x00000000080001c4       0x40 /opt/st/stm32cubeide_1.7.0/plugins/com.st.stm32cube.ide.mcu.externaltools.gnu-tools-for-stm32.9-2020-q2-update.linux64_2.0.0.202105311346/tools/bin/../lib/gcc/arm-none-eabi/9.3.1/thumb/v7e-m+fp/hard/crtbegin.o
 .text          0x0000000008000204       0x30 /opt/st/stm32cubeide_1.7.0/plugins/com.st.stm32cube.ide.mcu.externaltools.gnu-tools-for-stm32.9-2020-q2-update.linux64_2.0.0.202105311346/tools/bin/../lib/gcc/arm-none-eabi/9.3.1/thumb/v7e-m+fp/hard/libgcc.a(_aeabi_uldivmod.o)
                0x0000000008000204                __aeabi_uldivmod
 .text          0x0000000008000234      0x2c4 /opt/st/stm32cubeide_1.7.0/plugins/com.st.stm32cube.ide.mcu.externaltools.gnu-tools-for-stm32.9-2020-q2-update.linux64_2.0.0.202105311346/tools/bin/../lib/gcc/arm-none-eabi/9.3.1/thumb/v7e-m+fp/hard/libgcc.a(_udivmoddi4.o)
                0x0000000008000234                __udivmoddi4
 .text          0x00000000080004f8        0x4 /opt/st/stm32cubeide_1.7.0/plugins/com.st.stm32cube.ide.mcu.externaltools.gnu-tools-for-stm32.9-2020-q2-update.linux64_2.0.0.202105311346/tools/bin/../lib/gcc/arm-none-eabi/9.3.1/thumb/v7e-m+fp/hard/libgcc.a(_dvmd_tls.o)
                0x00000000080004f8                __aeabi_ldiv0
                0x00000000080004f8                __aeabi_idiv0
 *(.text*)
 .text.main     0x00000000080004fc       0xf0 ./Core/Src/main.o
                0x00000000080004fc                main
 .text.SystemClock_Config
                0x00000000080005ec       0xd8 ./Core/Src/main.o
                0x00000000080005ec                SystemClock_Config
 .text.MX_TIM2_Init
                0x00000000080006c4       0xc8 ./Core/Src/main.o
 .text.MX_TIM3_Init
                0x000000000800078c       0xa8 ./Core/Src/main.o
 .text.MX_TIM4_Init
                0x0000000008000834       0x9c ./Core/Src/main.o
 .text.MX_USART2_UART_Init
                0x00000000080008d0       0x54 ./Core/Src/main.o
 .text.MX_GPIO_Init
                0x0000000008000924       0xa4 ./Core/Src/main.o
 .text.update_last_watchdog_time
                0x00000000080009c8       0x24 ./Core/Src/main.o
                0x00000000080009c8                update_last_watchdog_time
 .text.HAL_TIM_PeriodElapsedCallback
                0x00000000080009ec       0xb0 ./Core/Src/main.o
                0x00000000080009ec                HAL_TIM_PeriodElapsedCallback
 .text.HAL_UART_RxCpltCallback
                0x0000000008000a9c       0x34 ./Core/Src/main.o
                0x0000000008000a9c                HAL_UART_RxCpltCallback
 .text.HAL_TIM_IC_CaptureCallback
                0x0000000008000ad0       0xd0 ./Core/Src/main.o
                0x0000000008000ad0                HAL_TIM_IC_CaptureCallback
 .text.Error_Handler
                0x0000000008000ba0        0xa ./Core/Src/main.o
                0x0000000008000ba0                Error_Handler
 *fill*         0x0000000008000baa        0x2 
 .text.HAL_MspInit
                0x0000000008000bac       0x50 ./Core/Src/stm32f4xx_hal_msp.o
                0x0000000008000bac                HAL_MspInit
 .text.HAL_TIM_PWM_MspInit
                0x0000000008000bfc       0x40 ./Core/Src/stm32f4xx_hal_msp.o
                0x0000000008000bfc                HAL_TIM_PWM_MspInit
 .text.HAL_TIM_IC_MspInit
                0x0000000008000c3c       0xa0 ./Core/Src/stm32f4xx_hal_msp.o
                0x0000000008000c3c                HAL_TIM_IC_MspInit
 .text.HAL_TIM_Base_MspInit
                0x0000000008000cdc       0x50 ./Core/Src/stm32f4xx_hal_msp.o
                0x0000000008000cdc                HAL_TIM_Base_MspInit
 .text.HAL_TIM_MspPostInit
                0x0000000008000d2c       0xb0 ./Core/Src/stm32f4xx_hal_msp.o
                0x0000000008000d2c                HAL_TIM_MspPostInit
 .text.HAL_UART_MspInit
                0x0000000008000ddc       0xa0 ./Core/Src/stm32f4xx_hal_msp.o
                0x0000000008000ddc                HAL_UART_MspInit
 .text.NMI_Handler
                0x0000000008000e7c        0x6 ./Core/Src/stm32f4xx_it.o
                0x0000000008000e7c                NMI_Handler
 .text.HardFault_Handler
                0x0000000008000e82        0x6 ./Core/Src/stm32f4xx_it.o
                0x0000000008000e82                HardFault_Handler
 .text.MemManage_Handler
                0x0000000008000e88        0x6 ./Core/Src/stm32f4xx_it.o
                0x0000000008000e88                MemManage_Handler
 .text.BusFault_Handler
                0x0000000008000e8e        0x6 ./Core/Src/stm32f4xx_it.o
                0x0000000008000e8e                BusFault_Handler
 .text.UsageFault_Handler
                0x0000000008000e94        0x6 ./Core/Src/stm32f4xx_it.o
                0x0000000008000e94                UsageFault_Handler
 .text.SVC_Handler
                0x0000000008000e9a        0xe ./Core/Src/stm32f4xx_it.o
                0x0000000008000e9a                SVC_Handler
 .text.DebugMon_Handler
                0x0000000008000ea8        0xe ./Core/Src/stm32f4xx_it.o
                0x0000000008000ea8                DebugMon_Handler
 .text.PendSV_Handler
                0x0000000008000eb6        0xe ./Core/Src/stm32f4xx_it.o
                0x0000000008000eb6                PendSV_Handler
 .text.SysTick_Handler
                0x0000000008000ec4        0xc ./Core/Src/stm32f4xx_it.o
                0x0000000008000ec4                SysTick_Handler
 .text.TIM3_IRQHandler
                0x0000000008000ed0       0x14 ./Core/Src/stm32f4xx_it.o
                0x0000000008000ed0                TIM3_IRQHandler
 .text.TIM4_IRQHandler
                0x0000000008000ee4       0x14 ./Core/Src/stm32f4xx_it.o
                0x0000000008000ee4                TIM4_IRQHandler
 .text.USART2_IRQHandler
                0x0000000008000ef8       0x14 ./Core/Src/stm32f4xx_it.o
                0x0000000008000ef8                USART2_IRQHandler
 .text.SystemInit
                0x0000000008000f0c       0x24 ./Core/Src/system_stm32f4xx.o
                0x0000000008000f0c                SystemInit
 .text.Reset_Handler
                0x0000000008000f30       0x50 ./Core/Startup/startup_stm32f446retx.o
                0x0000000008000f30                Reset_Handler
 .text.Default_Handler
                0x0000000008000f80        0x2 ./Core/Startup/startup_stm32f446retx.o
                0x0000000008000f80                RTC_Alarm_IRQHandler
                0x0000000008000f80                EXTI2_IRQHandler
                0x0000000008000f80                TIM8_CC_IRQHandler
                0x0000000008000f80                FMPI2C1_EV_IRQHandler
                0x0000000008000f80                SPI4_IRQHandler
                0x0000000008000f80                TIM1_CC_IRQHandler
                0x0000000008000f80                DMA2_Stream5_IRQHandler
                0x0000000008000f80                DMA1_Stream5_IRQHandler
                0x0000000008000f80                PVD_IRQHandler
                0x0000000008000f80                SDIO_IRQHandler
                0x0000000008000f80                TAMP_STAMP_IRQHandler
                0x0000000008000f80                CAN2_RX1_IRQHandler
                0x0000000008000f80                EXTI3_IRQHandler
                0x0000000008000f80                TIM8_TRG_COM_TIM14_IRQHandler
                0x0000000008000f80                TIM1_UP_TIM10_IRQHandler
                0x0000000008000f80                TIM8_UP_TIM13_IRQHandler
                0x0000000008000f80                I2C3_ER_IRQHandler
                0x0000000008000f80                EXTI0_IRQHandler
                0x0000000008000f80                I2C2_EV_IRQHandler
                0x0000000008000f80                DMA1_Stream2_IRQHandler
                0x0000000008000f80                CAN1_RX0_IRQHandler
                0x0000000008000f80                FPU_IRQHandler
                0x0000000008000f80                OTG_HS_WKUP_IRQHandler
                0x0000000008000f80                CAN2_SCE_IRQHandler
                0x0000000008000f80                DMA2_Stream2_IRQHandler
                0x0000000008000f80                SPI1_IRQHandler
                0x0000000008000f80                TIM6_DAC_IRQHandler
                0x0000000008000f80                TIM1_BRK_TIM9_IRQHandler
                0x0000000008000f80                DCMI_IRQHandler
                0x0000000008000f80                CAN2_RX0_IRQHandler
                0x0000000008000f80                DMA2_Stream3_IRQHandler
                0x0000000008000f80                SAI2_IRQHandler
                0x0000000008000f80                USART6_IRQHandler
                0x0000000008000f80                USART3_IRQHandler
                0x0000000008000f80                CAN1_RX1_IRQHandler
                0x0000000008000f80                UART5_IRQHandler
                0x0000000008000f80                DMA2_Stream0_IRQHandler
                0x0000000008000f80                QUADSPI_IRQHandler
                0x0000000008000f80                I2C1_EV_IRQHandler
                0x0000000008000f80                DMA1_Stream6_IRQHandler
                0x0000000008000f80                DMA1_Stream1_IRQHandler
                0x0000000008000f80                UART4_IRQHandler
                0x0000000008000f80                RCC_IRQHandler
                0x0000000008000f80                TIM8_BRK_TIM12_IRQHandler
                0x0000000008000f80                Default_Handler
                0x0000000008000f80                CEC_IRQHandler
                0x0000000008000f80                EXTI15_10_IRQHandler
                0x0000000008000f80                ADC_IRQHandler
                0x0000000008000f80                DMA1_Stream7_IRQHandler
                0x0000000008000f80                TIM7_IRQHandler
                0x0000000008000f80                CAN2_TX_IRQHandler
                0x0000000008000f80                TIM5_IRQHandler
                0x0000000008000f80                DMA2_Stream7_IRQHandler
                0x0000000008000f80                I2C3_EV_IRQHandler
                0x0000000008000f80                EXTI9_5_IRQHandler
                0x0000000008000f80                RTC_WKUP_IRQHandler
                0x0000000008000f80                SPDIF_RX_IRQHandler
                0x0000000008000f80                SPI2_IRQHandler
                0x0000000008000f80                OTG_HS_EP1_IN_IRQHandler
                0x0000000008000f80                DMA1_Stream0_IRQHandler
                0x0000000008000f80                CAN1_TX_IRQHandler
                0x0000000008000f80                FMPI2C1_ER_IRQHandler
                0x0000000008000f80                EXTI4_IRQHandler
                0x0000000008000f80                OTG_HS_EP1_OUT_IRQHandler
                0x0000000008000f80                WWDG_IRQHandler
                0x0000000008000f80                TIM2_IRQHandler
                0x0000000008000f80                OTG_FS_WKUP_IRQHandler
                0x0000000008000f80                TIM1_TRG_COM_TIM11_IRQHandler
                0x0000000008000f80                OTG_HS_IRQHandler
                0x0000000008000f80                EXTI1_IRQHandler
                0x0000000008000f80                I2C2_ER_IRQHandler
                0x0000000008000f80                DMA2_Stream1_IRQHandler
                0x0000000008000f80                CAN1_SCE_IRQHandler
                0x0000000008000f80                FLASH_IRQHandler
                0x0000000008000f80                DMA2_Stream4_IRQHandler
                0x0000000008000f80                USART1_IRQHandler
                0x0000000008000f80                OTG_FS_IRQHandler
                0x0000000008000f80                SPI3_IRQHandler
                0x0000000008000f80                DMA1_Stream4_IRQHandler
                0x0000000008000f80                I2C1_ER_IRQHandler
                0x0000000008000f80                FMC_IRQHandler
                0x0000000008000f80                DMA2_Stream6_IRQHandler
                0x0000000008000f80                SAI1_IRQHandler
                0x0000000008000f80                DMA1_Stream3_IRQHandler
 *fill*         0x0000000008000f82        0x2 
 .text.HAL_Init
                0x0000000008000f84       0x44 ./Drivers/STM32F4xx_HAL_Driver/Src/stm32f4xx_hal.o
                0x0000000008000f84                HAL_Init
 .text.HAL_InitTick
                0x0000000008000fc8       0x60 ./Drivers/STM32F4xx_HAL_Driver/Src/stm32f4xx_hal.o
                0x0000000008000fc8                HAL_InitTick
 .text.HAL_IncTick
                0x0000000008001028       0x28 ./Drivers/STM32F4xx_HAL_Driver/Src/stm32f4xx_hal.o
                0x0000000008001028                HAL_IncTick
 .text.HAL_GetTick
                0x0000000008001050       0x18 ./Drivers/STM32F4xx_HAL_Driver/Src/stm32f4xx_hal.o
                0x0000000008001050                HAL_GetTick
 .text.__NVIC_SetPriorityGrouping
                0x0000000008001068       0x48 ./Drivers/STM32F4xx_HAL_Driver/Src/stm32f4xx_hal_cortex.o
 .text.__NVIC_GetPriorityGrouping
                0x00000000080010b0       0x1c ./Drivers/STM32F4xx_HAL_Driver/Src/stm32f4xx_hal_cortex.o
 .text.__NVIC_EnableIRQ
                0x00000000080010cc       0x3c ./Drivers/STM32F4xx_HAL_Driver/Src/stm32f4xx_hal_cortex.o
 .text.__NVIC_SetPriority
                0x0000000008001108       0x54 ./Drivers/STM32F4xx_HAL_Driver/Src/stm32f4xx_hal_cortex.o
 .text.NVIC_EncodePriority
                0x000000000800115c       0x66 ./Drivers/STM32F4xx_HAL_Driver/Src/stm32f4xx_hal_cortex.o
 *fill*         0x00000000080011c2        0x2 
 .text.__NVIC_SystemReset
                0x00000000080011c4       0x2c ./Drivers/STM32F4xx_HAL_Driver/Src/stm32f4xx_hal_cortex.o
 .text.SysTick_Config
                0x00000000080011f0       0x44 ./Drivers/STM32F4xx_HAL_Driver/Src/stm32f4xx_hal_cortex.o
 .text.HAL_NVIC_SetPriorityGrouping
                0x0000000008001234       0x16 ./Drivers/STM32F4xx_HAL_Driver/Src/stm32f4xx_hal_cortex.o
                0x0000000008001234                HAL_NVIC_SetPriorityGrouping
 .text.HAL_NVIC_SetPriority
                0x000000000800124a       0x38 ./Drivers/STM32F4xx_HAL_Driver/Src/stm32f4xx_hal_cortex.o
                0x000000000800124a                HAL_NVIC_SetPriority
 .text.HAL_NVIC_EnableIRQ
                0x0000000008001282       0x1c ./Drivers/STM32F4xx_HAL_Driver/Src/stm32f4xx_hal_cortex.o
                0x0000000008001282                HAL_NVIC_EnableIRQ
 .text.HAL_NVIC_SystemReset
                0x000000000800129e        0x8 ./Drivers/STM32F4xx_HAL_Driver/Src/stm32f4xx_hal_cortex.o
                0x000000000800129e                HAL_NVIC_SystemReset
 .text.HAL_SYSTICK_Config
                0x00000000080012a6       0x18 ./Drivers/STM32F4xx_HAL_Driver/Src/stm32f4xx_hal_cortex.o
                0x00000000080012a6                HAL_SYSTICK_Config
 .text.HAL_DMA_Abort
                0x00000000080012be       0xe0 ./Drivers/STM32F4xx_HAL_Driver/Src/stm32f4xx_hal_dma.o
                0x00000000080012be                HAL_DMA_Abort
 .text.HAL_DMA_Abort_IT
                0x000000000800139e       0x44 ./Drivers/STM32F4xx_HAL_Driver/Src/stm32f4xx_hal_dma.o
                0x000000000800139e                HAL_DMA_Abort_IT
 *fill*         0x00000000080013e2        0x2 
 .text.HAL_GPIO_Init
                0x00000000080013e4      0x328 ./Drivers/STM32F4xx_HAL_Driver/Src/stm32f4xx_hal_gpio.o
                0x00000000080013e4                HAL_GPIO_Init
 .text.HAL_GPIO_WritePin
                0x000000000800170c       0x32 ./Drivers/STM32F4xx_HAL_Driver/Src/stm32f4xx_hal_gpio.o
                0x000000000800170c                HAL_GPIO_WritePin
 *fill*         0x000000000800173e        0x2 
 .text.HAL_RCC_ClockConfig
                0x0000000008001740      0x1cc ./Drivers/STM32F4xx_HAL_Driver/Src/stm32f4xx_hal_rcc.o
                0x0000000008001740                HAL_RCC_ClockConfig
 .text.HAL_RCC_GetHCLKFreq
                0x000000000800190c       0x18 ./Drivers/STM32F4xx_HAL_Driver/Src/stm32f4xx_hal_rcc.o
                0x000000000800190c                HAL_RCC_GetHCLKFreq
 .text.HAL_RCC_GetPCLK1Freq
                0x0000000008001924       0x28 ./Drivers/STM32F4xx_HAL_Driver/Src/stm32f4xx_hal_rcc.o
                0x0000000008001924                HAL_RCC_GetPCLK1Freq
 .text.HAL_RCC_GetPCLK2Freq
                0x000000000800194c       0x28 ./Drivers/STM32F4xx_HAL_Driver/Src/stm32f4xx_hal_rcc.o
                0x000000000800194c                HAL_RCC_GetPCLK2Freq
 .text.HAL_RCC_GetSysClockFreq
                0x0000000008001974      0x364 ./Drivers/STM32F4xx_HAL_Driver/Src/stm32f4xx_hal_rcc_ex.o
                0x0000000008001974                HAL_RCC_GetSysClockFreq
 .text.HAL_RCC_OscConfig
                0x0000000008001cd8      0x53c ./Drivers/STM32F4xx_HAL_Driver/Src/stm32f4xx_hal_rcc_ex.o
                0x0000000008001cd8                HAL_RCC_OscConfig
 .text.HAL_TIM_Base_Init
                0x0000000008002214       0x9e ./Drivers/STM32F4xx_HAL_Driver/Src/stm32f4xx_hal_tim.o
                0x0000000008002214                HAL_TIM_Base_Init
 *fill*         0x00000000080022b2        0x2 
 .text.HAL_TIM_Base_Start_IT
                0x00000000080022b4       0xe0 ./Drivers/STM32F4xx_HAL_Driver/Src/stm32f4xx_hal_tim.o
                0x00000000080022b4                HAL_TIM_Base_Start_IT
 .text.HAL_TIM_PWM_Init
                0x0000000008002394       0x9e ./Drivers/STM32F4xx_HAL_Driver/Src/stm32f4xx_hal_tim.o
                0x0000000008002394                HAL_TIM_PWM_Init
 *fill*         0x0000000008002432        0x2 
 .text.HAL_TIM_PWM_Start
                0x0000000008002434      0x190 ./Drivers/STM32F4xx_HAL_Driver/Src/stm32f4xx_hal_tim.o
                0x0000000008002434                HAL_TIM_PWM_Start
 .text.HAL_TIM_IC_Init
                0x00000000080025c4       0x9e ./Drivers/STM32F4xx_HAL_Driver/Src/stm32f4xx_hal_tim.o
                0x00000000080025c4                HAL_TIM_IC_Init
 *fill*         0x0000000008002662        0x2 
 .text.HAL_TIM_IC_Start_IT
                0x0000000008002664      0x250 ./Drivers/STM32F4xx_HAL_Driver/Src/stm32f4xx_hal_tim.o
                0x0000000008002664                HAL_TIM_IC_Start_IT
 .text.HAL_TIM_IRQHandler
                0x00000000080028b4      0x210 ./Drivers/STM32F4xx_HAL_Driver/Src/stm32f4xx_hal_tim.o
                0x00000000080028b4                HAL_TIM_IRQHandler
 .text.HAL_TIM_IC_ConfigChannel
                0x0000000008002ac4      0x138 ./Drivers/STM32F4xx_HAL_Driver/Src/stm32f4xx_hal_tim.o
                0x0000000008002ac4                HAL_TIM_IC_ConfigChannel
 .text.HAL_TIM_PWM_ConfigChannel
                0x0000000008002bfc      0x184 ./Drivers/STM32F4xx_HAL_Driver/Src/stm32f4xx_hal_tim.o
                0x0000000008002bfc                HAL_TIM_PWM_ConfigChannel
 .text.HAL_TIM_ConfigClockSource
                0x0000000008002d80      0x18e ./Drivers/STM32F4xx_HAL_Driver/Src/stm32f4xx_hal_tim.o
                0x0000000008002d80                HAL_TIM_ConfigClockSource
 *fill*         0x0000000008002f0e        0x2 
 .text.HAL_TIM_ReadCapturedValue
                0x0000000008002f10       0x88 ./Drivers/STM32F4xx_HAL_Driver/Src/stm32f4xx_hal_tim.o
                0x0000000008002f10                HAL_TIM_ReadCapturedValue
 .text.HAL_TIM_OC_DelayElapsedCallback
                0x0000000008002f98       0x14 ./Drivers/STM32F4xx_HAL_Driver/Src/stm32f4xx_hal_tim.o
                0x0000000008002f98                HAL_TIM_OC_DelayElapsedCallback
 .text.HAL_TIM_PWM_PulseFinishedCallback
                0x0000000008002fac       0x14 ./Drivers/STM32F4xx_HAL_Driver/Src/stm32f4xx_hal_tim.o
                0x0000000008002fac                HAL_TIM_PWM_PulseFinishedCallback
 .text.HAL_TIM_TriggerCallback
                0x0000000008002fc0       0x14 ./Drivers/STM32F4xx_HAL_Driver/Src/stm32f4xx_hal_tim.o
                0x0000000008002fc0                HAL_TIM_TriggerCallback
 .text.TIM_Base_SetConfig
                0x0000000008002fd4      0x140 ./Drivers/STM32F4xx_HAL_Driver/Src/stm32f4xx_hal_tim.o
                0x0000000008002fd4                TIM_Base_SetConfig
 .text.TIM_OC1_SetConfig
                0x0000000008003114       0xe0 ./Drivers/STM32F4xx_HAL_Driver/Src/stm32f4xx_hal_tim.o
 .text.TIM_OC2_SetConfig
                0x00000000080031f4       0xec ./Drivers/STM32F4xx_HAL_Driver/Src/stm32f4xx_hal_tim.o
                0x00000000080031f4                TIM_OC2_SetConfig
 .text.TIM_OC3_SetConfig
                0x00000000080032e0       0xe8 ./Drivers/STM32F4xx_HAL_Driver/Src/stm32f4xx_hal_tim.o
 .text.TIM_OC4_SetConfig
                0x00000000080033c8       0xac ./Drivers/STM32F4xx_HAL_Driver/Src/stm32f4xx_hal_tim.o
 .text.TIM_TI1_SetConfig
                0x0000000008003474       0xe8 ./Drivers/STM32F4xx_HAL_Driver/Src/stm32f4xx_hal_tim.o
                0x0000000008003474                TIM_TI1_SetConfig
 .text.TIM_TI1_ConfigInputStage
                0x000000000800355c       0x5e ./Drivers/STM32F4xx_HAL_Driver/Src/stm32f4xx_hal_tim.o
 .text.TIM_TI2_SetConfig
                0x00000000080035ba       0x7a ./Drivers/STM32F4xx_HAL_Driver/Src/stm32f4xx_hal_tim.o
 .text.TIM_TI2_ConfigInputStage
                0x0000000008003634       0x60 ./Drivers/STM32F4xx_HAL_Driver/Src/stm32f4xx_hal_tim.o
 .text.TIM_TI3_SetConfig
                0x0000000008003694       0x78 ./Drivers/STM32F4xx_HAL_Driver/Src/stm32f4xx_hal_tim.o
 .text.TIM_TI4_SetConfig
                0x000000000800370c       0x7a ./Drivers/STM32F4xx_HAL_Driver/Src/stm32f4xx_hal_tim.o
 .text.TIM_ITRx_SetConfig
                0x0000000008003786       0x36 ./Drivers/STM32F4xx_HAL_Driver/Src/stm32f4xx_hal_tim.o
 .text.TIM_ETR_SetConfig
                0x00000000080037bc       0x40 ./Drivers/STM32F4xx_HAL_Driver/Src/stm32f4xx_hal_tim.o
                0x00000000080037bc                TIM_ETR_SetConfig
 .text.TIM_CCxChannelCmd
                0x00000000080037fc       0x4a ./Drivers/STM32F4xx_HAL_Driver/Src/stm32f4xx_hal_tim.o
                0x00000000080037fc                TIM_CCxChannelCmd
 *fill*         0x0000000008003846        0x2 
 .text.HAL_TIMEx_MasterConfigSynchronization
                0x0000000008003848       0xf8 ./Drivers/STM32F4xx_HAL_Driver/Src/stm32f4xx_hal_tim_ex.o
                0x0000000008003848                HAL_TIMEx_MasterConfigSynchronization
 .text.HAL_TIMEx_CommutCallback
                0x0000000008003940       0x14 ./Drivers/STM32F4xx_HAL_Driver/Src/stm32f4xx_hal_tim_ex.o
                0x0000000008003940                HAL_TIMEx_CommutCallback
 .text.HAL_TIMEx_BreakCallback
                0x0000000008003954       0x14 ./Drivers/STM32F4xx_HAL_Driver/Src/stm32f4xx_hal_tim_ex.o
                0x0000000008003954                HAL_TIMEx_BreakCallback
 .text.HAL_UART_Init
                0x0000000008003968       0x9a ./Drivers/STM32F4xx_HAL_Driver/Src/stm32f4xx_hal_uart.o
                0x0000000008003968                HAL_UART_Init
 .text.HAL_UART_Transmit
                0x0000000008003a02      0x124 ./Drivers/STM32F4xx_HAL_Driver/Src/stm32f4xx_hal_uart.o
                0x0000000008003a02                HAL_UART_Transmit
 .text.HAL_UART_Receive_IT
                0x0000000008003b26       0x60 ./Drivers/STM32F4xx_HAL_Driver/Src/stm32f4xx_hal_uart.o
                0x0000000008003b26                HAL_UART_Receive_IT
 *fill*         0x0000000008003b86        0x2 
 .text.HAL_UART_IRQHandler
                0x0000000008003b88      0x51c ./Drivers/STM32F4xx_HAL_Driver/Src/stm32f4xx_hal_uart.o
                0x0000000008003b88                HAL_UART_IRQHandler
 .text.HAL_UART_TxCpltCallback
                0x00000000080040a4       0x14 ./Drivers/STM32F4xx_HAL_Driver/Src/stm32f4xx_hal_uart.o
                0x00000000080040a4                HAL_UART_TxCpltCallback
 .text.HAL_UART_ErrorCallback
                0x00000000080040b8       0x14 ./Drivers/STM32F4xx_HAL_Driver/Src/stm32f4xx_hal_uart.o
                0x00000000080040b8                HAL_UART_ErrorCallback
 .text.HAL_UARTEx_RxEventCallback
                0x00000000080040cc       0x18 ./Drivers/STM32F4xx_HAL_Driver/Src/stm32f4xx_hal_uart.o
                0x00000000080040cc                HAL_UARTEx_RxEventCallback
 .text.UART_WaitOnFlagUntilTimeout
                0x00000000080040e4       0xdc ./Drivers/STM32F4xx_HAL_Driver/Src/stm32f4xx_hal_uart.o
 .text.UART_Start_Receive_IT
                0x00000000080041c0       0x74 ./Drivers/STM32F4xx_HAL_Driver/Src/stm32f4xx_hal_uart.o
                0x00000000080041c0                UART_Start_Receive_IT
 .text.UART_EndRxTransfer
                0x0000000008004234       0xc6 ./Drivers/STM32F4xx_HAL_Driver/Src/stm32f4xx_hal_uart.o
 .text.UART_DMAAbortOnError
                0x00000000080042fa       0x28 ./Drivers/STM32F4xx_HAL_Driver/Src/stm32f4xx_hal_uart.o
 .text.UART_Transmit_IT
                0x0000000008004322       0xa0 ./Drivers/STM32F4xx_HAL_Driver/Src/stm32f4xx_hal_uart.o
 .text.UART_EndTransmit_IT
                0x00000000080043c2       0x30 ./Drivers/STM32F4xx_HAL_Driver/Src/stm32f4xx_hal_uart.o
 .text.UART_Receive_IT
                0x00000000080043f2      0x176 ./Drivers/STM32F4xx_HAL_Driver/Src/stm32f4xx_hal_uart.o
 .text.UART_SetConfig
                0x0000000008004568      0x390 ./Drivers/STM32F4xx_HAL_Driver/Src/stm32f4xx_hal_uart.o
 .text.set_cooling_fan_pwm
                0x00000000080048f8       0x2c ./Lib/Src/cooling_fan.o
                0x00000000080048f8                set_cooling_fan_pwm
 .text.get_cooling_frequency
                0x0000000008004924       0x44 ./Lib/Src/cooling_fan.o
                0x0000000008004924                get_cooling_frequency
 .text.get_cooling_rpm
                0x0000000008004968       0x24 ./Lib/Src/cooling_fan.o
                0x0000000008004968                get_cooling_rpm
 .text.set_heater_fan_pwm
                0x000000000800498c       0x2c ./Lib/Src/heater_fan.o
                0x000000000800498c                set_heater_fan_pwm
 .text.send_sec_msg_air_extraction_tachymeter
                0x00000000080049b8       0x74 ./Transport/Msg_gen/Sec_msg_gen/sec_msg_gen.o
                0x00000000080049b8                send_sec_msg_air_extraction_tachymeter
 .text.build_ack_msg_cmd
                0x0000000008004a2c       0x44 ./Transport/Parser/Cmd_msg_parser/cmd_msg_parser.o
                0x0000000008004a2c                build_ack_msg_cmd
 .text.send_cmd_ack
                0x0000000008004a70       0x28 ./Transport/Parser/Cmd_msg_parser/cmd_msg_parser.o
                0x0000000008004a70                send_cmd_ack
 .text.send_cmd_ack_with_value
                0x0000000008004a98       0x2c ./Transport/Parser/Cmd_msg_parser/cmd_msg_parser.o
                0x0000000008004a98                send_cmd_ack_with_value
 .text.send_cmd_nok
                0x0000000008004ac4       0x28 ./Transport/Parser/Cmd_msg_parser/cmd_msg_parser.o
                0x0000000008004ac4                send_cmd_nok
 .text.parser_cmd_udpate_watchdog
                0x0000000008004aec       0x20 ./Transport/Parser/Cmd_msg_parser/cmd_msg_parser.o
                0x0000000008004aec                parser_cmd_udpate_watchdog
 .text.parser_cmd_force_reset
                0x0000000008004b0c       0x20 ./Transport/Parser/Cmd_msg_parser/cmd_msg_parser.o
                0x0000000008004b0c                parser_cmd_force_reset
 .text.parser_cmd_cooling_fan
                0x0000000008004b2c       0x2c ./Transport/Parser/Cmd_msg_parser/cmd_msg_parser.o
                0x0000000008004b2c                parser_cmd_cooling_fan
 .text.parser_cmd_heater_fan
                0x0000000008004b58       0x2c ./Transport/Parser/Cmd_msg_parser/cmd_msg_parser.o
                0x0000000008004b58                parser_cmd_heater_fan
 .text.parser_cmd
                0x0000000008004b84       0x80 ./Transport/Parser/Cmd_msg_parser/cmd_msg_parser.o
                0x0000000008004b84                parser_cmd
 .text.check_msg_identifier
                0x0000000008004c04       0x32 ./Transport/Parser/parser.o
                0x0000000008004c04                check_msg_identifier
 .text.check_msg_UID
                0x0000000008004c36       0x9c ./Transport/Parser/parser.o
                0x0000000008004c36                check_msg_UID
 .text.check_msg_size
                0x0000000008004cd2       0x34 ./Transport/Parser/parser.o
                0x0000000008004cd2                check_msg_size
 *fill*         0x0000000008004d06        0x2 
 .text.build_ack_msg
                0x0000000008004d08       0x40 ./Transport/Parser/parser.o
                0x0000000008004d08                build_ack_msg
 .text.parser   0x0000000008004d48       0x68 ./Transport/Parser/parser.o
                0x0000000008004d48                parser
 .text.__libc_init_array
                0x0000000008004db0       0x48 /opt/st/stm32cubeide_1.7.0/plugins/com.st.stm32cube.ide.mcu.externaltools.gnu-tools-for-stm32.9-2020-q2-update.linux64_2.0.0.202105311346/tools/bin/../lib/gcc/arm-none-eabi/9.3.1/../../../../arm-none-eabi/lib/thumb/v7e-m+fp/hard/libc_nano.a(lib_a-init.o)
                0x0000000008004db0                __libc_init_array
 .text.memset   0x0000000008004df8       0x10 /opt/st/stm32cubeide_1.7.0/plugins/com.st.stm32cube.ide.mcu.externaltools.gnu-tools-for-stm32.9-2020-q2-update.linux64_2.0.0.202105311346/tools/bin/../lib/gcc/arm-none-eabi/9.3.1/../../../../arm-none-eabi/lib/thumb/v7e-m+fp/hard/libc_nano.a(lib_a-memset.o)
                0x0000000008004df8                memset
 *(.glue_7)
 .glue_7        0x0000000008004e08        0x0 linker stubs
 *(.glue_7t)
 .glue_7t       0x0000000008004e08        0x0 linker stubs
 *(.eh_frame)
 .eh_frame      0x0000000008004e08        0x0 /opt/st/stm32cubeide_1.7.0/plugins/com.st.stm32cube.ide.mcu.externaltools.gnu-tools-for-stm32.9-2020-q2-update.linux64_2.0.0.202105311346/tools/bin/../lib/gcc/arm-none-eabi/9.3.1/thumb/v7e-m+fp/hard/crtbegin.o
 *(.init)
 .init          0x0000000008004e08        0x4 /opt/st/stm32cubeide_1.7.0/plugins/com.st.stm32cube.ide.mcu.externaltools.gnu-tools-for-stm32.9-2020-q2-update.linux64_2.0.0.202105311346/tools/bin/../lib/gcc/arm-none-eabi/9.3.1/thumb/v7e-m+fp/hard/crti.o
                0x0000000008004e08                _init
 .init          0x0000000008004e0c        0x8 /opt/st/stm32cubeide_1.7.0/plugins/com.st.stm32cube.ide.mcu.externaltools.gnu-tools-for-stm32.9-2020-q2-update.linux64_2.0.0.202105311346/tools/bin/../lib/gcc/arm-none-eabi/9.3.1/thumb/v7e-m+fp/hard/crtn.o
 *(.fini)
 .fini          0x0000000008004e14        0x4 /opt/st/stm32cubeide_1.7.0/plugins/com.st.stm32cube.ide.mcu.externaltools.gnu-tools-for-stm32.9-2020-q2-update.linux64_2.0.0.202105311346/tools/bin/../lib/gcc/arm-none-eabi/9.3.1/thumb/v7e-m+fp/hard/crti.o
                0x0000000008004e14                _fini
 .fini          0x0000000008004e18        0x8 /opt/st/stm32cubeide_1.7.0/plugins/com.st.stm32cube.ide.mcu.externaltools.gnu-tools-for-stm32.9-2020-q2-update.linux64_2.0.0.202105311346/tools/bin/../lib/gcc/arm-none-eabi/9.3.1/thumb/v7e-m+fp/hard/crtn.o
                0x0000000008004e20                . = ALIGN (0x4)
                0x0000000008004e20                _etext = .

.vfp11_veneer   0x0000000008004e20        0x0
 .vfp11_veneer  0x0000000008004e20        0x0 linker stubs

.v4_bx          0x0000000008004e20        0x0
 .v4_bx         0x0000000008004e20        0x0 linker stubs

.iplt           0x0000000008004e20        0x0
 .iplt          0x0000000008004e20        0x0 /opt/st/stm32cubeide_1.7.0/plugins/com.st.stm32cube.ide.mcu.externaltools.gnu-tools-for-stm32.9-2020-q2-update.linux64_2.0.0.202105311346/tools/bin/../lib/gcc/arm-none-eabi/9.3.1/thumb/v7e-m+fp/hard/crtbegin.o

.rodata         0x0000000008004e20       0x30
                0x0000000008004e20                . = ALIGN (0x4)
 *(.rodata)
 .rodata        0x0000000008004e20       0x15 ./Transport/Msg_gen/Sec_msg_gen/sec_msg_gen.o
 *(.rodata*)
 *fill*         0x0000000008004e35        0x3 
 .rodata.AHBPrescTable
                0x0000000008004e38       0x10 ./Core/Src/system_stm32f4xx.o
                0x0000000008004e38                AHBPrescTable
 .rodata.APBPrescTable
                0x0000000008004e48        0x8 ./Core/Src/system_stm32f4xx.o
                0x0000000008004e48                APBPrescTable
                0x0000000008004e50                . = ALIGN (0x4)

.ARM.extab      0x0000000008004e50        0x0
                0x0000000008004e50                . = ALIGN (0x4)
 *(.ARM.extab* .gnu.linkonce.armextab.*)
                0x0000000008004e50                . = ALIGN (0x4)

.ARM            0x0000000008004e50        0x8
                0x0000000008004e50                . = ALIGN (0x4)
                0x0000000008004e50                __exidx_start = .
 *(.ARM.exidx*)
 .ARM.exidx     0x0000000008004e50        0x8 /opt/st/stm32cubeide_1.7.0/plugins/com.st.stm32cube.ide.mcu.externaltools.gnu-tools-for-stm32.9-2020-q2-update.linux64_2.0.0.202105311346/tools/bin/../lib/gcc/arm-none-eabi/9.3.1/thumb/v7e-m+fp/hard/libgcc.a(_udivmoddi4.o)
                0x0000000008004e58                __exidx_end = .
                0x0000000008004e58                . = ALIGN (0x4)

.rel.dyn        0x0000000008004e58        0x0
 .rel.iplt      0x0000000008004e58        0x0 /opt/st/stm32cubeide_1.7.0/plugins/com.st.stm32cube.ide.mcu.externaltools.gnu-tools-for-stm32.9-2020-q2-update.linux64_2.0.0.202105311346/tools/bin/../lib/gcc/arm-none-eabi/9.3.1/thumb/v7e-m+fp/hard/crtbegin.o

.preinit_array  0x0000000008004e58        0x0
                0x0000000008004e58                . = ALIGN (0x4)
                0x0000000008004e58                PROVIDE (__preinit_array_start = .)
 *(.preinit_array*)
                0x0000000008004e58                PROVIDE (__preinit_array_end = .)
                0x0000000008004e58                . = ALIGN (0x4)

.init_array     0x0000000008004e58        0x4
                0x0000000008004e58                . = ALIGN (0x4)
                0x0000000008004e58                PROVIDE (__init_array_start = .)
 *(SORT_BY_NAME(.init_array.*))
 *(.init_array*)
 .init_array    0x0000000008004e58        0x4 /opt/st/stm32cubeide_1.7.0/plugins/com.st.stm32cube.ide.mcu.externaltools.gnu-tools-for-stm32.9-2020-q2-update.linux64_2.0.0.202105311346/tools/bin/../lib/gcc/arm-none-eabi/9.3.1/thumb/v7e-m+fp/hard/crtbegin.o
                0x0000000008004e5c                PROVIDE (__init_array_end = .)
                0x0000000008004e5c                . = ALIGN (0x4)

.fini_array     0x0000000008004e5c        0x4
                0x0000000008004e5c                . = ALIGN (0x4)
                [!provide]                        PROVIDE (__fini_array_start = .)
 *(SORT_BY_NAME(.fini_array.*))
 *(.fini_array*)
 .fini_array    0x0000000008004e5c        0x4 /opt/st/stm32cubeide_1.7.0/plugins/com.st.stm32cube.ide.mcu.externaltools.gnu-tools-for-stm32.9-2020-q2-update.linux64_2.0.0.202105311346/tools/bin/../lib/gcc/arm-none-eabi/9.3.1/thumb/v7e-m+fp/hard/crtbegin.o
                [!provide]                        PROVIDE (__fini_array_end = .)
                0x0000000008004e60                . = ALIGN (0x4)
                0x0000000008004e60                _sidata = LOADADDR (.data)

.data           0x0000000020000000       0x3c load address 0x0000000008004e60
                0x0000000020000000                . = ALIGN (0x4)
                0x0000000020000000                _sdata = .
 *(.data)
 *(.data*)
 .data.SystemCoreClock
                0x0000000020000000        0x4 ./Core/Src/system_stm32f4xx.o
                0x0000000020000000                SystemCoreClock
 .data.uwTickPrio
                0x0000000020000004        0x4 ./Drivers/STM32F4xx_HAL_Driver/Src/stm32f4xx_hal.o
                0x0000000020000004                uwTickPrio
 .data.uwTickFreq
                0x0000000020000008        0x1 ./Drivers/STM32F4xx_HAL_Driver/Src/stm32f4xx_hal.o
                0x0000000020000008                uwTickFreq
 *fill*         0x0000000020000009        0x3 
 .data.msg_ack_cmd
                0x000000002000000c       0x15 ./Transport/Parser/Cmd_msg_parser/cmd_msg_parser.o
                0x000000002000000c                msg_ack_cmd
 *fill*         0x0000000020000021        0x3 
 .data.msg_ack  0x0000000020000024       0x15 ./Transport/Parser/parser.o
                0x0000000020000024                msg_ack
 *(.RamFunc)
 *(.RamFunc*)
                0x000000002000003c                . = ALIGN (0x4)
 *fill*         0x0000000020000039        0x3 
                0x000000002000003c                _edata = .

.igot.plt       0x000000002000003c        0x0 load address 0x0000000008004e9c
 .igot.plt      0x000000002000003c        0x0 /opt/st/stm32cubeide_1.7.0/plugins/com.st.stm32cube.ide.mcu.externaltools.gnu-tools-for-stm32.9-2020-q2-update.linux64_2.0.0.202105311346/tools/bin/../lib/gcc/arm-none-eabi/9.3.1/thumb/v7e-m+fp/hard/crtbegin.o
                0x000000002000003c                . = ALIGN (0x4)

.bss            0x0000000020000040      0x198 load address 0x0000000008004e9c
                0x0000000020000040                _sbss = .
                0x0000000020000040                __bss_start__ = _sbss
 *(.bss)
 .bss           0x0000000020000040       0x1c /opt/st/stm32cubeide_1.7.0/plugins/com.st.stm32cube.ide.mcu.externaltools.gnu-tools-for-stm32.9-2020-q2-update.linux64_2.0.0.202105311346/tools/bin/../lib/gcc/arm-none-eabi/9.3.1/thumb/v7e-m+fp/hard/crtbegin.o
 *(.bss*)
 .bss.watchdog_actived
                0x000000002000005c        0x1 ./Core/Src/main.o
                0x000000002000005c                watchdog_actived
 .bss.watchdog_update
                0x000000002000005d        0x1 ./Core/Src/main.o
                0x000000002000005d                watchdog_update
 .bss.pwm_cooling_fan
                0x000000002000005e        0x1 ./Core/Src/main.o
                0x000000002000005e                pwm_cooling_fan
 .bss.pwm_heater_fan
                0x000000002000005f        0x1 ./Core/Src/main.o
                0x000000002000005f                pwm_heater_fan
 .bss.last_watchdog_time
                0x0000000020000060        0x8 ./Core/Src/main.o
                0x0000000020000060                last_watchdog_time
 .bss.var_timer_4_tick
                0x0000000020000068        0x8 ./Core/Src/main.o
                0x0000000020000068                var_timer_4_tick
 .bss.send_sec_messages
                0x0000000020000070        0x1 ./Core/Src/main.o
                0x0000000020000070                send_sec_messages
 *(COMMON)
 *fill*         0x0000000020000071        0x3 
 COMMON         0x0000000020000074      0x160 ./Core/Src/main.o
                0x0000000020000074                prevFrq
                0x0000000020000078                htim4
                0x00000000200000c0                is_first_captured_heater
                0x00000000200000c4                difference_cooling
                0x00000000200000c8                is_first_captured_cooling
                0x00000000200000cc                htim3
                0x0000000020000114                rx_buffer
                0x0000000020000128                ic_val2_cooling
                0x000000002000012c                ic_val1_cooling
                0x0000000020000130                ic_val1_heater
                0x0000000020000134                PWM
                0x0000000020000138                cooling_fan_frequency
                0x000000002000013c                htim2
                0x0000000020000184                difference_heater
                0x0000000020000188                huart2
                0x00000000200001cc                ic_val2_heater
                0x00000000200001d0                heater_fan_frequency
 COMMON         0x00000000200001d4        0x4 ./Drivers/STM32F4xx_HAL_Driver/Src/stm32f4xx_hal.o
                0x00000000200001d4                uwTick
                0x00000000200001d8                . = ALIGN (0x4)
                0x00000000200001d8                _ebss = .
                0x00000000200001d8                __bss_end__ = _ebss

._user_heap_stack
                0x00000000200001d8      0x600 load address 0x0000000008004e9c
                0x00000000200001d8                . = ALIGN (0x8)
                [!provide]                        PROVIDE (end = .)
                0x00000000200001d8                PROVIDE (_end = .)
                0x00000000200003d8                . = (. + _Min_Heap_Size)
 *fill*         0x00000000200001d8      0x200 
                0x00000000200007d8                . = (. + _Min_Stack_Size)
 *fill*         0x00000000200003d8      0x400 
                0x00000000200007d8                . = ALIGN (0x8)

/DISCARD/
 libc.a(*)
 libm.a(*)
 libgcc.a(*)

.ARM.attributes
                0x0000000000000000       0x30
 *(.ARM.attributes)
 .ARM.attributes
                0x0000000000000000       0x1e /opt/st/stm32cubeide_1.7.0/plugins/com.st.stm32cube.ide.mcu.externaltools.gnu-tools-for-stm32.9-2020-q2-update.linux64_2.0.0.202105311346/tools/bin/../lib/gcc/arm-none-eabi/9.3.1/thumb/v7e-m+fp/hard/crti.o
 .ARM.attributes
                0x000000000000001e       0x34 /opt/st/stm32cubeide_1.7.0/plugins/com.st.stm32cube.ide.mcu.externaltools.gnu-tools-for-stm32.9-2020-q2-update.linux64_2.0.0.202105311346/tools/bin/../lib/gcc/arm-none-eabi/9.3.1/thumb/v7e-m+fp/hard/crtbegin.o
 .ARM.attributes
                0x0000000000000052       0x34 ./Core/Src/main.o
 .ARM.attributes
                0x0000000000000086       0x34 ./Core/Src/stm32f4xx_hal_msp.o
 .ARM.attributes
                0x00000000000000ba       0x34 ./Core/Src/stm32f4xx_it.o
 .ARM.attributes
                0x00000000000000ee       0x34 ./Core/Src/system_stm32f4xx.o
 .ARM.attributes
                0x0000000000000122       0x21 ./Core/Startup/startup_stm32f446retx.o
 .ARM.attributes
                0x0000000000000143       0x34 ./Drivers/STM32F4xx_HAL_Driver/Src/stm32f4xx_hal.o
 .ARM.attributes
                0x0000000000000177       0x34 ./Drivers/STM32F4xx_HAL_Driver/Src/stm32f4xx_hal_cortex.o
 .ARM.attributes
                0x00000000000001ab       0x34 ./Drivers/STM32F4xx_HAL_Driver/Src/stm32f4xx_hal_dma.o
 .ARM.attributes
                0x00000000000001df       0x34 ./Drivers/STM32F4xx_HAL_Driver/Src/stm32f4xx_hal_gpio.o
 .ARM.attributes
                0x0000000000000213       0x34 ./Drivers/STM32F4xx_HAL_Driver/Src/stm32f4xx_hal_rcc.o
 .ARM.attributes
                0x0000000000000247       0x34 ./Drivers/STM32F4xx_HAL_Driver/Src/stm32f4xx_hal_rcc_ex.o
 .ARM.attributes
                0x000000000000027b       0x34 ./Drivers/STM32F4xx_HAL_Driver/Src/stm32f4xx_hal_tim.o
 .ARM.attributes
                0x00000000000002af       0x34 ./Drivers/STM32F4xx_HAL_Driver/Src/stm32f4xx_hal_tim_ex.o
 .ARM.attributes
                0x00000000000002e3       0x34 ./Drivers/STM32F4xx_HAL_Driver/Src/stm32f4xx_hal_uart.o
 .ARM.attributes
                0x0000000000000317       0x34 ./Lib/Src/cooling_fan.o
 .ARM.attributes
                0x000000000000034b       0x34 ./Lib/Src/heater_fan.o
 .ARM.attributes
                0x000000000000037f       0x34 ./Transport/Msg_gen/Sec_msg_gen/sec_msg_gen.o
 .ARM.attributes
                0x00000000000003b3       0x34 ./Transport/Parser/Cmd_msg_parser/cmd_msg_parser.o
 .ARM.attributes
                0x00000000000003e7       0x34 ./Transport/Parser/parser.o
 .ARM.attributes
                0x000000000000041b       0x34 /opt/st/stm32cubeide_1.7.0/plugins/com.st.stm32cube.ide.mcu.externaltools.gnu-tools-for-stm32.9-2020-q2-update.linux64_2.0.0.202105311346/tools/bin/../lib/gcc/arm-none-eabi/9.3.1/../../../../arm-none-eabi/lib/thumb/v7e-m+fp/hard/libc_nano.a(lib_a-init.o)
 .ARM.attributes
                0x000000000000044f       0x34 /opt/st/stm32cubeide_1.7.0/plugins/com.st.stm32cube.ide.mcu.externaltools.gnu-tools-for-stm32.9-2020-q2-update.linux64_2.0.0.202105311346/tools/bin/../lib/gcc/arm-none-eabi/9.3.1/../../../../arm-none-eabi/lib/thumb/v7e-m+fp/hard/libc_nano.a(lib_a-memset.o)
 .ARM.attributes
                0x0000000000000483       0x1e /opt/st/stm32cubeide_1.7.0/plugins/com.st.stm32cube.ide.mcu.externaltools.gnu-tools-for-stm32.9-2020-q2-update.linux64_2.0.0.202105311346/tools/bin/../lib/gcc/arm-none-eabi/9.3.1/thumb/v7e-m+fp/hard/libgcc.a(_aeabi_uldivmod.o)
 .ARM.attributes
                0x00000000000004a1       0x34 /opt/st/stm32cubeide_1.7.0/plugins/com.st.stm32cube.ide.mcu.externaltools.gnu-tools-for-stm32.9-2020-q2-update.linux64_2.0.0.202105311346/tools/bin/../lib/gcc/arm-none-eabi/9.3.1/thumb/v7e-m+fp/hard/libgcc.a(_udivmoddi4.o)
 .ARM.attributes
                0x00000000000004d5       0x1e /opt/st/stm32cubeide_1.7.0/plugins/com.st.stm32cube.ide.mcu.externaltools.gnu-tools-for-stm32.9-2020-q2-update.linux64_2.0.0.202105311346/tools/bin/../lib/gcc/arm-none-eabi/9.3.1/thumb/v7e-m+fp/hard/libgcc.a(_dvmd_tls.o)
 .ARM.attributes
                0x00000000000004f3       0x1e /opt/st/stm32cubeide_1.7.0/plugins/com.st.stm32cube.ide.mcu.externaltools.gnu-tools-for-stm32.9-2020-q2-update.linux64_2.0.0.202105311346/tools/bin/../lib/gcc/arm-none-eabi/9.3.1/thumb/v7e-m+fp/hard/crtn.o
OUTPUT(handddle_stm32_v2.elf elf32-littlearm)
LOAD linker stubs
LOAD /opt/st/stm32cubeide_1.7.0/plugins/com.st.stm32cube.ide.mcu.externaltools.gnu-tools-for-stm32.9-2020-q2-update.linux64_2.0.0.202105311346/tools/bin/../lib/gcc/arm-none-eabi/9.3.1/../../../../arm-none-eabi/lib/thumb/v7e-m+fp/hard/libc.a
LOAD /opt/st/stm32cubeide_1.7.0/plugins/com.st.stm32cube.ide.mcu.externaltools.gnu-tools-for-stm32.9-2020-q2-update.linux64_2.0.0.202105311346/tools/bin/../lib/gcc/arm-none-eabi/9.3.1/../../../../arm-none-eabi/lib/thumb/v7e-m+fp/hard/libm.a
LOAD /opt/st/stm32cubeide_1.7.0/plugins/com.st.stm32cube.ide.mcu.externaltools.gnu-tools-for-stm32.9-2020-q2-update.linux64_2.0.0.202105311346/tools/bin/../lib/gcc/arm-none-eabi/9.3.1/thumb/v7e-m+fp/hard/libgcc.a

.debug_info     0x0000000000000000    0x16ce3
 .debug_info    0x0000000000000000     0x1d5f ./Core/Src/main.o
 .debug_info    0x0000000000001d5f     0x1af5 ./Core/Src/stm32f4xx_hal_msp.o
 .debug_info    0x0000000000003854     0x13dc ./Core/Src/stm32f4xx_it.o
 .debug_info    0x0000000000004c30      0x5dc ./Core/Src/system_stm32f4xx.o
 .debug_info    0x000000000000520c       0x22 ./Core/Startup/startup_stm32f446retx.o
 .debug_info    0x000000000000522e      0xa08 ./Drivers/STM32F4xx_HAL_Driver/Src/stm32f4xx_hal.o
 .debug_info    0x0000000000005c36      0xef5 ./Drivers/STM32F4xx_HAL_Driver/Src/stm32f4xx_hal_cortex.o
 .debug_info    0x0000000000006b2b      0x9f1 ./Drivers/STM32F4xx_HAL_Driver/Src/stm32f4xx_hal_dma.o
 .debug_info    0x000000000000751c      0x892 ./Drivers/STM32F4xx_HAL_Driver/Src/stm32f4xx_hal_gpio.o
 .debug_info    0x0000000000007dae      0x9db ./Drivers/STM32F4xx_HAL_Driver/Src/stm32f4xx_hal_rcc.o
 .debug_info    0x0000000000008789      0xa86 ./Drivers/STM32F4xx_HAL_Driver/Src/stm32f4xx_hal_rcc_ex.o
 .debug_info    0x000000000000920f     0x2c22 ./Drivers/STM32F4xx_HAL_Driver/Src/stm32f4xx_hal_tim.o
 .debug_info    0x000000000000be31     0x15a2 ./Drivers/STM32F4xx_HAL_Driver/Src/stm32f4xx_hal_tim_ex.o
 .debug_info    0x000000000000d3d3     0x31de ./Drivers/STM32F4xx_HAL_Driver/Src/stm32f4xx_hal_uart.o
 .debug_info    0x00000000000105b1     0x13de ./Lib/Src/cooling_fan.o
 .debug_info    0x000000000001198f     0x14de ./Lib/Src/heater_fan.o
 .debug_info    0x0000000000012e6d     0x13f9 ./Transport/Msg_gen/Sec_msg_gen/sec_msg_gen.o
 .debug_info    0x0000000000014266     0x15a5 ./Transport/Parser/Cmd_msg_parser/cmd_msg_parser.o
 .debug_info    0x000000000001580b     0x14d8 ./Transport/Parser/parser.o

.debug_abbrev   0x0000000000000000     0x2ab6
 .debug_abbrev  0x0000000000000000      0x344 ./Core/Src/main.o
 .debug_abbrev  0x0000000000000344      0x28e ./Core/Src/stm32f4xx_hal_msp.o
 .debug_abbrev  0x00000000000005d2      0x1f3 ./Core/Src/stm32f4xx_it.o
 .debug_abbrev  0x00000000000007c5      0x145 ./Core/Src/system_stm32f4xx.o
 .debug_abbrev  0x000000000000090a       0x12 ./Core/Startup/startup_stm32f446retx.o
 .debug_abbrev  0x000000000000091c      0x1ed ./Drivers/STM32F4xx_HAL_Driver/Src/stm32f4xx_hal.o
 .debug_abbrev  0x0000000000000b09      0x33c ./Drivers/STM32F4xx_HAL_Driver/Src/stm32f4xx_hal_cortex.o
 .debug_abbrev  0x0000000000000e45      0x259 ./Drivers/STM32F4xx_HAL_Driver/Src/stm32f4xx_hal_dma.o
 .debug_abbrev  0x000000000000109e      0x1f1 ./Drivers/STM32F4xx_HAL_Driver/Src/stm32f4xx_hal_gpio.o
 .debug_abbrev  0x000000000000128f      0x275 ./Drivers/STM32F4xx_HAL_Driver/Src/stm32f4xx_hal_rcc.o
 .debug_abbrev  0x0000000000001504      0x1e2 ./Drivers/STM32F4xx_HAL_Driver/Src/stm32f4xx_hal_rcc_ex.o
 .debug_abbrev  0x00000000000016e6      0x25e ./Drivers/STM32F4xx_HAL_Driver/Src/stm32f4xx_hal_tim.o
 .debug_abbrev  0x0000000000001944      0x266 ./Drivers/STM32F4xx_HAL_Driver/Src/stm32f4xx_hal_tim_ex.o
 .debug_abbrev  0x0000000000001baa      0x2eb ./Drivers/STM32F4xx_HAL_Driver/Src/stm32f4xx_hal_uart.o
 .debug_abbrev  0x0000000000001e95      0x259 ./Lib/Src/cooling_fan.o
 .debug_abbrev  0x00000000000020ee      0x288 ./Lib/Src/heater_fan.o
 .debug_abbrev  0x0000000000002376      0x220 ./Transport/Msg_gen/Sec_msg_gen/sec_msg_gen.o
 .debug_abbrev  0x0000000000002596      0x280 ./Transport/Parser/Cmd_msg_parser/cmd_msg_parser.o
 .debug_abbrev  0x0000000000002816      0x2a0 ./Transport/Parser/parser.o

.debug_aranges  0x0000000000000000      0xdf8
 .debug_aranges
                0x0000000000000000       0x78 ./Core/Src/main.o
 .debug_aranges
                0x0000000000000078       0x68 ./Core/Src/stm32f4xx_hal_msp.o
 .debug_aranges
                0x00000000000000e0       0x78 ./Core/Src/stm32f4xx_it.o
 .debug_aranges
                0x0000000000000158       0x28 ./Core/Src/system_stm32f4xx.o
 .debug_aranges
                0x0000000000000180       0x28 ./Core/Startup/startup_stm32f446retx.o
 .debug_aranges
                0x00000000000001a8       0xf0 ./Drivers/STM32F4xx_HAL_Driver/Src/stm32f4xx_hal.o
 .debug_aranges
                0x0000000000000298      0x118 ./Drivers/STM32F4xx_HAL_Driver/Src/stm32f4xx_hal_cortex.o
 .debug_aranges
                0x00000000000003b0       0x90 ./Drivers/STM32F4xx_HAL_Driver/Src/stm32f4xx_hal_dma.o
 .debug_aranges
                0x0000000000000440       0x58 ./Drivers/STM32F4xx_HAL_Driver/Src/stm32f4xx_hal_gpio.o
 .debug_aranges
                0x0000000000000498       0x88 ./Drivers/STM32F4xx_HAL_Driver/Src/stm32f4xx_hal_rcc.o
 .debug_aranges
                0x0000000000000520       0x78 ./Drivers/STM32F4xx_HAL_Driver/Src/stm32f4xx_hal_rcc_ex.o
 .debug_aranges
                0x0000000000000598      0x3d0 ./Drivers/STM32F4xx_HAL_Driver/Src/stm32f4xx_hal_tim.o
 .debug_aranges
                0x0000000000000968      0x168 ./Drivers/STM32F4xx_HAL_Driver/Src/stm32f4xx_hal_tim_ex.o
 .debug_aranges
                0x0000000000000ad0      0x200 ./Drivers/STM32F4xx_HAL_Driver/Src/stm32f4xx_hal_uart.o
 .debug_aranges
                0x0000000000000cd0       0x30 ./Lib/Src/cooling_fan.o
 .debug_aranges
                0x0000000000000d00       0x38 ./Lib/Src/heater_fan.o
 .debug_aranges
                0x0000000000000d38       0x20 ./Transport/Msg_gen/Sec_msg_gen/sec_msg_gen.o
 .debug_aranges
                0x0000000000000d58       0x60 ./Transport/Parser/Cmd_msg_parser/cmd_msg_parser.o
 .debug_aranges
                0x0000000000000db8       0x40 ./Transport/Parser/parser.o

.debug_ranges   0x0000000000000000      0xd00
 .debug_ranges  0x0000000000000000       0x68 ./Core/Src/main.o
 .debug_ranges  0x0000000000000068       0x58 ./Core/Src/stm32f4xx_hal_msp.o
 .debug_ranges  0x00000000000000c0       0x68 ./Core/Src/stm32f4xx_it.o
 .debug_ranges  0x0000000000000128       0x18 ./Core/Src/system_stm32f4xx.o
 .debug_ranges  0x0000000000000140       0x20 ./Core/Startup/startup_stm32f446retx.o
 .debug_ranges  0x0000000000000160       0xe0 ./Drivers/STM32F4xx_HAL_Driver/Src/stm32f4xx_hal.o
 .debug_ranges  0x0000000000000240      0x108 ./Drivers/STM32F4xx_HAL_Driver/Src/stm32f4xx_hal_cortex.o
 .debug_ranges  0x0000000000000348       0x80 ./Drivers/STM32F4xx_HAL_Driver/Src/stm32f4xx_hal_dma.o
 .debug_ranges  0x00000000000003c8       0x48 ./Drivers/STM32F4xx_HAL_Driver/Src/stm32f4xx_hal_gpio.o
 .debug_ranges  0x0000000000000410       0x78 ./Drivers/STM32F4xx_HAL_Driver/Src/stm32f4xx_hal_rcc.o
 .debug_ranges  0x0000000000000488       0x68 ./Drivers/STM32F4xx_HAL_Driver/Src/stm32f4xx_hal_rcc_ex.o
 .debug_ranges  0x00000000000004f0      0x3c0 ./Drivers/STM32F4xx_HAL_Driver/Src/stm32f4xx_hal_tim.o
 .debug_ranges  0x00000000000008b0      0x158 ./Drivers/STM32F4xx_HAL_Driver/Src/stm32f4xx_hal_tim_ex.o
 .debug_ranges  0x0000000000000a08      0x220 ./Drivers/STM32F4xx_HAL_Driver/Src/stm32f4xx_hal_uart.o
 .debug_ranges  0x0000000000000c28       0x20 ./Lib/Src/cooling_fan.o
 .debug_ranges  0x0000000000000c48       0x28 ./Lib/Src/heater_fan.o
 .debug_ranges  0x0000000000000c70       0x10 ./Transport/Msg_gen/Sec_msg_gen/sec_msg_gen.o
 .debug_ranges  0x0000000000000c80       0x50 ./Transport/Parser/Cmd_msg_parser/cmd_msg_parser.o
 .debug_ranges  0x0000000000000cd0       0x30 ./Transport/Parser/parser.o

.debug_macro    0x0000000000000000    0x22b4e
 .debug_macro   0x0000000000000000      0x349 ./Core/Src/main.o
 .debug_macro   0x0000000000000349      0xaa8 ./Core/Src/main.o
 .debug_macro   0x0000000000000df1      0x29b ./Core/Src/main.o
 .debug_macro   0x000000000000108c       0x2e ./Core/Src/main.o
 .debug_macro   0x00000000000010ba       0x28 ./Core/Src/main.o
 .debug_macro   0x00000000000010e2       0x22 ./Core/Src/main.o
 .debug_macro   0x0000000000001104       0x8e ./Core/Src/main.o
 .debug_macro   0x0000000000001192       0x51 ./Core/Src/main.o
 .debug_macro   0x00000000000011e3      0x103 ./Core/Src/main.o
 .debug_macro   0x00000000000012e6       0x6a ./Core/Src/main.o
 .debug_macro   0x0000000000001350      0x1df ./Core/Src/main.o
 .debug_macro   0x000000000000152f       0x1c ./Core/Src/main.o
 .debug_macro   0x000000000000154b       0x22 ./Core/Src/main.o
 .debug_macro   0x000000000000156d       0xdf ./Core/Src/main.o
 .debug_macro   0x000000000000164c     0x102d ./Core/Src/main.o
 .debug_macro   0x0000000000002679      0x11f ./Core/Src/main.o
 .debug_macro   0x0000000000002798    0x16749 ./Core/Src/main.o
 .debug_macro   0x0000000000018ee1       0x6d ./Core/Src/main.o
 .debug_macro   0x0000000000018f4e     0x3666 ./Core/Src/main.o
 .debug_macro   0x000000000001c5b4      0x174 ./Core/Src/main.o
 .debug_macro   0x000000000001c728       0x5c ./Core/Src/main.o
 .debug_macro   0x000000000001c784      0xc90 ./Core/Src/main.o
 .debug_macro   0x000000000001d414      0x9fe ./Core/Src/main.o
 .debug_macro   0x000000000001de12      0x116 ./Core/Src/main.o
 .debug_macro   0x000000000001df28      0x1a0 ./Core/Src/main.o
 .debug_macro   0x000000000001e0c8       0xa5 ./Core/Src/main.o
 .debug_macro   0x000000000001e16d      0x16d ./Core/Src/main.o
 .debug_macro   0x000000000001e2da      0x287 ./Core/Src/main.o
 .debug_macro   0x000000000001e561       0x5f ./Core/Src/main.o
 .debug_macro   0x000000000001e5c0      0x236 ./Core/Src/main.o
 .debug_macro   0x000000000001e7f6      0x132 ./Core/Src/main.o
 .debug_macro   0x000000000001e928      0x29c ./Core/Src/main.o
 .debug_macro   0x000000000001ebc4       0x2e ./Core/Src/main.o
 .debug_macro   0x000000000001ebf2      0x11a ./Core/Src/main.o
 .debug_macro   0x000000000001ed0c       0xe8 ./Core/Src/main.o
 .debug_macro   0x000000000001edf4       0x89 ./Core/Src/main.o
 .debug_macro   0x000000000001ee7d      0x8d1 ./Core/Src/main.o
 .debug_macro   0x000000000001f74e       0x4d ./Core/Src/main.o
 .debug_macro   0x000000000001f79b      0x295 ./Core/Src/main.o
 .debug_macro   0x000000000001fa30      0x126 ./Core/Src/main.o
 .debug_macro   0x000000000001fb56       0x58 ./Core/Src/main.o
 .debug_macro   0x000000000001fbae       0x52 ./Core/Src/main.o
 .debug_macro   0x000000000001fc00       0x18 ./Core/Src/main.o
 .debug_macro   0x000000000001fc18       0x3c ./Core/Src/main.o
 .debug_macro   0x000000000001fc54       0x34 ./Core/Src/main.o
 .debug_macro   0x000000000001fc88       0x16 ./Core/Src/main.o
 .debug_macro   0x000000000001fc9e       0x43 ./Core/Src/main.o
 .debug_macro   0x000000000001fce1       0x34 ./Core/Src/main.o
 .debug_macro   0x000000000001fd15       0x10 ./Core/Src/main.o
 .debug_macro   0x000000000001fd25       0x58 ./Core/Src/main.o
 .debug_macro   0x000000000001fd7d       0x71 ./Core/Src/main.o
 .debug_macro   0x000000000001fdee       0x1c ./Core/Src/main.o
 .debug_macro   0x000000000001fe0a      0x12a ./Core/Src/main.o
 .debug_macro   0x000000000001ff34      0x333 ./Core/Src/main.o
 .debug_macro   0x0000000000020267       0x10 ./Core/Src/main.o
 .debug_macro   0x0000000000020277       0x35 ./Core/Src/main.o
 .debug_macro   0x00000000000202ac       0x20 ./Core/Src/main.o
 .debug_macro   0x00000000000202cc       0x22 ./Core/Src/main.o
 .debug_macro   0x00000000000202ee       0x4c ./Core/Src/main.o
 .debug_macro   0x000000000002033a       0x28 ./Core/Src/main.o
 .debug_macro   0x0000000000020362       0x46 ./Core/Src/main.o
 .debug_macro   0x00000000000203a8       0x40 ./Core/Src/main.o
 .debug_macro   0x00000000000203e8       0x22 ./Core/Src/main.o
 .debug_macro   0x000000000002040a      0x2db ./Core/Src/stm32f4xx_hal_msp.o
 .debug_macro   0x00000000000206e5      0x2e5 ./Core/Src/stm32f4xx_it.o
 .debug_macro   0x00000000000209ca      0x1ce ./Core/Src/system_stm32f4xx.o
 .debug_macro   0x0000000000020b98      0x22e ./Drivers/STM32F4xx_HAL_Driver/Src/stm32f4xx_hal.o
 .debug_macro   0x0000000000020dc6      0x1ce ./Drivers/STM32F4xx_HAL_Driver/Src/stm32f4xx_hal_cortex.o
 .debug_macro   0x0000000000020f94      0x1d4 ./Drivers/STM32F4xx_HAL_Driver/Src/stm32f4xx_hal_dma.o
 .debug_macro   0x0000000000021168      0x1d4 ./Drivers/STM32F4xx_HAL_Driver/Src/stm32f4xx_hal_gpio.o
 .debug_macro   0x000000000002133c      0x1f2 ./Drivers/STM32F4xx_HAL_Driver/Src/stm32f4xx_hal_rcc.o
 .debug_macro   0x000000000002152e      0x1ce ./Drivers/STM32F4xx_HAL_Driver/Src/stm32f4xx_hal_rcc_ex.o
 .debug_macro   0x00000000000216fc      0x1cf ./Drivers/STM32F4xx_HAL_Driver/Src/stm32f4xx_hal_tim.o
 .debug_macro   0x00000000000218cb      0x1ce ./Drivers/STM32F4xx_HAL_Driver/Src/stm32f4xx_hal_tim_ex.o
 .debug_macro   0x0000000000021a99      0x1cf ./Drivers/STM32F4xx_HAL_Driver/Src/stm32f4xx_hal_uart.o
 .debug_macro   0x0000000000021c68      0x2e5 ./Lib/Src/cooling_fan.o
 .debug_macro   0x0000000000021f4d      0x2e5 ./Lib/Src/heater_fan.o
 .debug_macro   0x0000000000022232      0x300 ./Transport/Msg_gen/Sec_msg_gen/sec_msg_gen.o
 .debug_macro   0x0000000000022532      0x303 ./Transport/Parser/Cmd_msg_parser/cmd_msg_parser.o
 .debug_macro   0x0000000000022835      0x319 ./Transport/Parser/parser.o

.debug_line     0x0000000000000000    0x12428
 .debug_line    0x0000000000000000      0xdf7 ./Core/Src/main.o
 .debug_line    0x0000000000000df7      0x9e9 ./Core/Src/stm32f4xx_hal_msp.o
 .debug_line    0x00000000000017e0      0x99f ./Core/Src/stm32f4xx_it.o
 .debug_line    0x000000000000217f      0x724 ./Core/Src/system_stm32f4xx.o
 .debug_line    0x00000000000028a3       0x88 ./Core/Startup/startup_stm32f446retx.o
 .debug_line    0x000000000000292b      0x98a ./Drivers/STM32F4xx_HAL_Driver/Src/stm32f4xx_hal.o
 .debug_line    0x00000000000032b5      0xc39 ./Drivers/STM32F4xx_HAL_Driver/Src/stm32f4xx_hal_cortex.o
 .debug_line    0x0000000000003eee      0xeef ./Drivers/STM32F4xx_HAL_Driver/Src/stm32f4xx_hal_dma.o
 .debug_line    0x0000000000004ddd      0xaec ./Drivers/STM32F4xx_HAL_Driver/Src/stm32f4xx_hal_gpio.o
 .debug_line    0x00000000000058c9      0xd12 ./Drivers/STM32F4xx_HAL_Driver/Src/stm32f4xx_hal_rcc.o
 .debug_line    0x00000000000065db     0x1398 ./Drivers/STM32F4xx_HAL_Driver/Src/stm32f4xx_hal_rcc_ex.o
 .debug_line    0x0000000000007973     0x367e ./Drivers/STM32F4xx_HAL_Driver/Src/stm32f4xx_hal_tim.o
 .debug_line    0x000000000000aff1     0x1987 ./Drivers/STM32F4xx_HAL_Driver/Src/stm32f4xx_hal_tim_ex.o
 .debug_line    0x000000000000c978     0x2a11 ./Drivers/STM32F4xx_HAL_Driver/Src/stm32f4xx_hal_uart.o
 .debug_line    0x000000000000f389      0x907 ./Lib/Src/cooling_fan.o
 .debug_line    0x000000000000fc90      0x925 ./Lib/Src/heater_fan.o
 .debug_line    0x00000000000105b5      0x951 ./Transport/Msg_gen/Sec_msg_gen/sec_msg_gen.o
 .debug_line    0x0000000000010f06      0xa30 ./Transport/Parser/Cmd_msg_parser/cmd_msg_parser.o
 .debug_line    0x0000000000011936      0xaf2 ./Transport/Parser/parser.o

.debug_str      0x0000000000000000    0xd07a5
 .debug_str     0x0000000000000000    0xcd19c ./Core/Src/main.o
                                      0xcd5db (size before relaxing)
 .debug_str     0x00000000000cd19c      0x5ff ./Core/Src/stm32f4xx_hal_msp.o
                                      0xcd433 (size before relaxing)
 .debug_str     0x00000000000cd79b       0xef ./Core/Src/stm32f4xx_it.o
                                      0xccd61 (size before relaxing)
 .debug_str     0x00000000000cd88a       0xaf ./Core/Src/system_stm32f4xx.o
                                      0xc9138 (size before relaxing)
 .debug_str     0x00000000000cd939       0x36 ./Core/Startup/startup_stm32f446retx.o
                                         0x70 (size before relaxing)
 .debug_str     0x00000000000cd96f      0x58d ./Drivers/STM32F4xx_HAL_Driver/Src/stm32f4xx_hal.o
                                      0xc9c5b (size before relaxing)
 .debug_str     0x00000000000cdefc      0x394 ./Drivers/STM32F4xx_HAL_Driver/Src/stm32f4xx_hal_cortex.o
                                      0xc9a25 (size before relaxing)
 .debug_str     0x00000000000ce290      0x31d ./Drivers/STM32F4xx_HAL_Driver/Src/stm32f4xx_hal_dma.o
                                      0xc953d (size before relaxing)
 .debug_str     0x00000000000ce5ad      0x15f ./Drivers/STM32F4xx_HAL_Driver/Src/stm32f4xx_hal_gpio.o
                                      0xc92df (size before relaxing)
 .debug_str     0x00000000000ce70c      0x24e ./Drivers/STM32F4xx_HAL_Driver/Src/stm32f4xx_hal_rcc.o
                                      0xc953f (size before relaxing)
 .debug_str     0x00000000000ce95a      0x31a ./Drivers/STM32F4xx_HAL_Driver/Src/stm32f4xx_hal_rcc_ex.o
                                      0xc959c (size before relaxing)
 .debug_str     0x00000000000cec74      0xcdc ./Drivers/STM32F4xx_HAL_Driver/Src/stm32f4xx_hal_tim.o
                                      0xca442 (size before relaxing)
 .debug_str     0x00000000000cf950      0x4ee ./Drivers/STM32F4xx_HAL_Driver/Src/stm32f4xx_hal_tim_ex.o
                                      0xc9bf3 (size before relaxing)
 .debug_str     0x00000000000cfe3e      0x5ec ./Drivers/STM32F4xx_HAL_Driver/Src/stm32f4xx_hal_uart.o
                                      0xc9a9b (size before relaxing)
 .debug_str     0x00000000000d042a       0x5c ./Lib/Src/cooling_fan.o
                                      0xcccff (size before relaxing)
 .debug_str     0x00000000000d0486       0x6a ./Lib/Src/heater_fan.o
                                      0xccd62 (size before relaxing)
 .debug_str     0x00000000000d04f0      0x128 ./Transport/Msg_gen/Sec_msg_gen/sec_msg_gen.o
                                      0xcd0eb (size before relaxing)
 .debug_str     0x00000000000d0618       0xff ./Transport/Parser/Cmd_msg_parser/cmd_msg_parser.o
                                      0xcd17d (size before relaxing)
 .debug_str     0x00000000000d0717       0x8e ./Transport/Parser/parser.o
                                      0xcd109 (size before relaxing)

.comment        0x0000000000000000       0x53
 .comment       0x0000000000000000       0x53 ./Core/Src/main.o
                                         0x54 (size before relaxing)
 .comment       0x0000000000000053       0x54 ./Core/Src/stm32f4xx_hal_msp.o
 .comment       0x0000000000000053       0x54 ./Core/Src/stm32f4xx_it.o
 .comment       0x0000000000000053       0x54 ./Core/Src/system_stm32f4xx.o
 .comment       0x0000000000000053       0x54 ./Drivers/STM32F4xx_HAL_Driver/Src/stm32f4xx_hal.o
 .comment       0x0000000000000053       0x54 ./Drivers/STM32F4xx_HAL_Driver/Src/stm32f4xx_hal_cortex.o
 .comment       0x0000000000000053       0x54 ./Drivers/STM32F4xx_HAL_Driver/Src/stm32f4xx_hal_dma.o
 .comment       0x0000000000000053       0x54 ./Drivers/STM32F4xx_HAL_Driver/Src/stm32f4xx_hal_gpio.o
 .comment       0x0000000000000053       0x54 ./Drivers/STM32F4xx_HAL_Driver/Src/stm32f4xx_hal_rcc.o
 .comment       0x0000000000000053       0x54 ./Drivers/STM32F4xx_HAL_Driver/Src/stm32f4xx_hal_rcc_ex.o
 .comment       0x0000000000000053       0x54 ./Drivers/STM32F4xx_HAL_Driver/Src/stm32f4xx_hal_tim.o
 .comment       0x0000000000000053       0x54 ./Drivers/STM32F4xx_HAL_Driver/Src/stm32f4xx_hal_tim_ex.o
 .comment       0x0000000000000053       0x54 ./Drivers/STM32F4xx_HAL_Driver/Src/stm32f4xx_hal_uart.o
 .comment       0x0000000000000053       0x54 ./Lib/Src/cooling_fan.o
 .comment       0x0000000000000053       0x54 ./Lib/Src/heater_fan.o
 .comment       0x0000000000000053       0x54 ./Transport/Msg_gen/Sec_msg_gen/sec_msg_gen.o
 .comment       0x0000000000000053       0x54 ./Transport/Parser/Cmd_msg_parser/cmd_msg_parser.o
 .comment       0x0000000000000053       0x54 ./Transport/Parser/parser.o

.debug_frame    0x0000000000000000     0x39d4
 .debug_frame   0x0000000000000000      0x1b8 ./Core/Src/main.o
 .debug_frame   0x00000000000001b8      0x180 ./Core/Src/stm32f4xx_hal_msp.o
 .debug_frame   0x0000000000000338      0x158 ./Core/Src/stm32f4xx_it.o
 .debug_frame   0x0000000000000490       0x58 ./Core/Src/system_stm32f4xx.o
 .debug_frame   0x00000000000004e8      0x374 ./Drivers/STM32F4xx_HAL_Driver/Src/stm32f4xx_hal.o
 .debug_frame   0x000000000000085c      0x498 ./Drivers/STM32F4xx_HAL_Driver/Src/stm32f4xx_hal_cortex.o
 .debug_frame   0x0000000000000cf4      0x250 ./Drivers/STM32F4xx_HAL_Driver/Src/stm32f4xx_hal_dma.o
 .debug_frame   0x0000000000000f44      0x14c ./Drivers/STM32F4xx_HAL_Driver/Src/stm32f4xx_hal_gpio.o
 .debug_frame   0x0000000000001090      0x1f0 ./Drivers/STM32F4xx_HAL_Driver/Src/stm32f4xx_hal_rcc.o
 .debug_frame   0x0000000000001280      0x1e8 ./Drivers/STM32F4xx_HAL_Driver/Src/stm32f4xx_hal_rcc_ex.o
 .debug_frame   0x0000000000001468     0x11c4 ./Drivers/STM32F4xx_HAL_Driver/Src/stm32f4xx_hal_tim.o
 .debug_frame   0x000000000000262c      0x638 ./Drivers/STM32F4xx_HAL_Driver/Src/stm32f4xx_hal_tim_ex.o
 .debug_frame   0x0000000000002c64      0x92c ./Drivers/STM32F4xx_HAL_Driver/Src/stm32f4xx_hal_uart.o
 .debug_frame   0x0000000000003590       0x7c ./Lib/Src/cooling_fan.o
 .debug_frame   0x000000000000360c       0xa8 ./Lib/Src/heater_fan.o
 .debug_frame   0x00000000000036b4       0x38 ./Transport/Msg_gen/Sec_msg_gen/sec_msg_gen.o
 .debug_frame   0x00000000000036ec      0x168 ./Transport/Parser/Cmd_msg_parser/cmd_msg_parser.o
 .debug_frame   0x0000000000003854       0xd4 ./Transport/Parser/parser.o
 .debug_frame   0x0000000000003928       0x2c /opt/st/stm32cubeide_1.7.0/plugins/com.st.stm32cube.ide.mcu.externaltools.gnu-tools-for-stm32.9-2020-q2-update.linux64_2.0.0.202105311346/tools/bin/../lib/gcc/arm-none-eabi/9.3.1/../../../../arm-none-eabi/lib/thumb/v7e-m+fp/hard/libc_nano.a(lib_a-init.o)
 .debug_frame   0x0000000000003954       0x20 /opt/st/stm32cubeide_1.7.0/plugins/com.st.stm32cube.ide.mcu.externaltools.gnu-tools-for-stm32.9-2020-q2-update.linux64_2.0.0.202105311346/tools/bin/../lib/gcc/arm-none-eabi/9.3.1/../../../../arm-none-eabi/lib/thumb/v7e-m+fp/hard/libc_nano.a(lib_a-memset.o)
 .debug_frame   0x0000000000003974       0x2c /opt/st/stm32cubeide_1.7.0/plugins/com.st.stm32cube.ide.mcu.externaltools.gnu-tools-for-stm32.9-2020-q2-update.linux64_2.0.0.202105311346/tools/bin/../lib/gcc/arm-none-eabi/9.3.1/thumb/v7e-m+fp/hard/libgcc.a(_aeabi_uldivmod.o)
 .debug_frame   0x00000000000039a0       0x34 /opt/st/stm32cubeide_1.7.0/plugins/com.st.stm32cube.ide.mcu.externaltools.gnu-tools-for-stm32.9-2020-q2-update.linux64_2.0.0.202105311346/tools/bin/../lib/gcc/arm-none-eabi/9.3.1/thumb/v7e-m+fp/hard/libgcc.a(_udivmoddi4.o)
