main.c:101:5:main	16	static
main.c:186:6:SystemClock_Config	88	static
main.c:232:13:MX_TIM2_Init	48	static
main.c:285:13:MX_TIM3_Init	32	static
main.c:333:13:MX_TIM4_Init	32	static
main.c:378:13:MX_USART2_UART_Init	8	static
main.c:411:13:MX_GPIO_Init	40	static
main.c:433:6:update_last_watchdog_time	4	static
main.c:440:6:HAL_TIM_PeriodElapsedCallback	40	static
main.c:468:6:HAL_UART_RxCpltCallback	16	static
main.c:476:6:HAL_TIM_IC_CaptureCallback	24	static
main.c:509:6:Error_Handler	4	static,ignoring_inline_asm
