main.c:113:5:main	16	static
main.c:238:6:SystemClock_Config	88	static
main.c:284:13:MX_TIM1_Init	96	static
main.c:367:13:MX_TIM2_Init	48	static
main.c:420:13:MX_TIM3_Init	32	static
main.c:468:13:MX_TIM4_Init	32	static
main.c:513:13:MX_TIM12_Init	40	static
main.c:555:13:MX_USART2_UART_Init	8	static
main.c:588:13:MX_GPIO_Init	40	static
main.c:610:6:update_last_watchdog_time	4	static
main.c:617:6:HAL_TIM_PeriodElapsedCallback	40	static
main.c:645:6:HAL_UART_RxCpltCallback	16	static
main.c:657:6:HAL_TIM_IC_CaptureCallback	24	static
main.c:690:6:Error_Handler	4	static,ignoring_inline_asm
